=== DNS Test ===
SRV lookup FAILED: ECONNREFUSED querySrv ECONNREFUSED _mongodb._tcp.elivexcluster.wy4mxpf.mongodb.net
A record lookup FAILED: ECONNREFUSED queryA ECONNREFUSED ac-wqhsvho-shard-00-00.wy4mxpf.mongodb.net
TCP connection to port 27017: SUCCESS
